<html>
<body>
<pre>
<h1>µVision Build Log</h1>
<h2>Tool Versions:</h2>
IDE-Version: ¦ÌVision V5.43.1.0
Copyright (C) 2025 ARM Ltd and ARM Germany GmbH. All rights reserved.
License Information: Thousand Dream, NEFU, LIC=HN0AE-5D6UW-RABDM-XC70B-3NT0H-5CA84
 
Tool Versions:
Toolchain:       MDK-ARM Plus  Version: 5.43.0.0
Toolchain Path:  D:\Keil_v5\ARM\ARMCC\Bin
C Compiler:      Armcc.exe V5.06 update 7 (build 960)
Assembler:       Armasm.exe V5.06 update 7 (build 960)
Linker/Locator:  ArmLink.exe V5.06 update 7 (build 960)
Library Manager: ArmAr.exe V5.06 update 7 (build 960)
Hex Converter:   FromElf.exe V5.06 update 7 (build 960)
CPU DLL:         SARMCM3.DLL V5.43.0.0
Dialog DLL:      DCM.DLL V1.17.5.0
Target DLL:      CMSIS_AGDI.dll V1.33.24.0
Dialog DLL:      TCM.DLL V1.56.6.0
 
<h2>Project:</h2>
C:\Users\cjl20\Desktop\dshot_drive_plane_motorone_way\MDK-ARM\dshot_drive_plane_motor.uvprojx
Project File Date:  05/21/2026

<h2>Output:</h2>
*** Using Compiler 'V5.06 update 7 (build 960)', folder: 'D:\Keil_v5\ARM\ARMCC\Bin'
Build target 'dshot_drive_plane_motor'
compiling dshot_lib.c...
dshot\dshot_lib.c(13): warning:  #1565-D: white space between backslash and newline in line splice ignored
    |__   __| |                                 | |     |  __ \                           
dshot\dshot_lib.c(15): warning:  #1565-D: white space between backslash and newline in line splice ignored
       | |  | '_ \ / _ \| | | / __|/ _` | '__/ _` / __| | |  | | '__/ _ \/ _` | '_ ` _ \  
../Drivers/CMSIS/Include/cachel1_armv7.h(188): warning:  #1041-D: alignment for an auto object may not be larger than 8
      } locals
dshot\dshot_lib.c: 3 warnings, 0 errors
compiling main.c...
../Drivers/CMSIS/Include/cachel1_armv7.h(188): warning:  #1041-D: alignment for an auto object may not be larger than 8
      } locals
../Core/Src/main.c: 1 warning, 0 errors
linking...
Program Size: Code=17322 RO-data=806 RW-data=28 ZI-data=2188  
FromELF: creating hex file...
"dshot_drive_plane_motor\dshot_drive_plane_motor.axf" - 0 Error(s), 4 Warning(s).

<h2>Software Packages used:</h2>

Package Vendor: ARM
                https://www.keil.com/pack/ARM.CMSIS.6.3.0.pack
                ARM::CMSIS@6.3.0
                CMSIS (Common Microcontroller Software Interface Standard)
   * Component: CORE Version: 6.2.0

Package Vendor: Keil
                https://www.keil.com/pack/Keil.STM32H7xx_DFP.4.1.3.pack
                Keil::STM32H7xx_DFP@4.1.3
                STMicroelectronics STM32H7 Series Device Support

<h2>Collection of Component include folders:</h2>
  ./RTE/_dshot_drive_plane_motor
  D:/Keil_v5/ARM/PACK/ARM/CMSIS/6.3.0/CMSIS/Core/Include

<h2>Collection of Component Files used:</h2>

   * Component: ARM::CMSIS:CORE@6.2.0
      Include file:  CMSIS/Core/Include/tz_context.h
Build Time Elapsed:  00:00:04
</pre>
</body>
</html>
